[debug] [2026-02-03T19:33:13.420Z] ----------------------------------------------------------------------
[debug] [2026-02-03T19:33:13.430Z] Command:       C:\Program Files\nodejs\node.exe C:\Users\samih\AppData\Roaming\npm\node_modules\firebase-tools\lib\bin\firebase.js emulators:start --only auth,firestore
[debug] [2026-02-03T19:33:13.430Z] CLI Version:   15.4.0
[debug] [2026-02-03T19:33:13.430Z] Platform:      win32
[debug] [2026-02-03T19:33:13.430Z] Node Version:  v20.14.0
[debug] [2026-02-03T19:33:13.431Z] Time:          Tue Feb 03 2026 21:33:13 GMT+0200 (Eastern European Standard Time)
[debug] [2026-02-03T19:33:13.431Z] ----------------------------------------------------------------------
[debug] 
[debug] [2026-02-03T19:33:13.433Z] >>> [apiv2][query] GET https://firebase-public.firebaseio.com/cli.json [none]
[debug] [2026-02-03T19:33:16.216Z] > command requires scopes: ["email","openid","https://www.googleapis.com/auth/cloudplatformprojects.readonly","https://www.googleapis.com/auth/firebase","https://www.googleapis.com/auth/cloud-platform"]
[debug] [2026-02-03T19:33:16.216Z] > authorizing via signed-in user (sami.hiedanpaa@gmail.com)
[debug] [2026-02-03T19:33:16.240Z] Could not find VSCode notification endpoint: FetchError: request to http://localhost:40001/vscode/notify failed, reason: . If you are not running the Firebase Data Connect VSCode extension, this is expected and not an issue.
[info] i  emulators: Shutting down emulators. {"metadata":{"emulator":{"name":"hub"},"message":"Shutting down emulators."}}
[debug] [2026-02-03T19:33:16.245Z] Could not find VSCode notification endpoint: FetchError: request to http://localhost:40001/vscode/notify failed, reason: . If you are not running the Firebase Data Connect VSCode extension, this is expected and not an issue.
[debug] [2026-02-03T19:33:16.338Z] Error: spawn java ENOENT
    at ChildProcess._handle.onexit (node:internal/child_process:286:19)
    at onErrorNT (node:internal/child_process:484:16)
    at process.processTicksAndRejections (node:internal/process/task_queues:82:21)
[error] 
[error] Error: Could not spawn `java -version`. Please make sure Java is installed and on your system PATH.
[debug] [2026-02-03T19:33:16.595Z] <<< [apiv2][status] GET https://firebase-public.firebaseio.com/cli.json 200
[debug] [2026-02-03T19:33:16.596Z] <<< [apiv2][body] GET https://firebase-public.firebaseio.com/cli.json {"cloudBuildErrorAfter":1594252800000,"cloudBuildWarnAfter":1590019200000,"defaultNode10After":1594252800000,"minVersion":"3.0.5","node8DeploysDisabledAfter":1613390400000,"node8RuntimeDisabledAfter":1615809600000,"node8WarnAfter":1600128000000}
[debug] [2026-02-03T19:33:16.605Z] Error: EBUSY: resource busy or locked, unlink 'C:\Users\samih\code\health_ai\firebase-debug.log'
    at Object.unlinkSync (node:fs:1877:11)
    at process.<anonymous> (C:\Users\samih\AppData\Roaming\npm\node_modules\firebase-tools\lib\bin\cli.js:44:16)
    at process.emit (node:events:531:35)
    at process.exit (node:internal/process/per_thread:185:15)
    at Timeout._onTimeout (C:\Users\samih\AppData\Roaming\npm\node_modules\firebase-tools\lib\errorOut.js:20:17)
    at listOnTimeout (node:internal/timers:573:17)
    at process.processTimers (node:internal/timers:514:7)
[error] 
[error] Error: An unexpected error has occurred.
